// Jest Snapshot v1, https://goo.gl/fbAQLP

exports[`SectionHero matches snapshot 1`] = `
<div
  className=""
>
  <div>
    <h1>
      <span>
        SectionHero.title
      </span>
    </h1>
    <h2>
      <span>
        SectionHero.subTitle
      </span>
    </h2>
    <div
      id="searchFieldWrapper"
    >
      <form
        action="/"
        className=""
        method="post"
        onSubmit={[Function]}
      >
        <div
          className=""
        >
          <div
            className=""
          >
            <svg
              height="22"
              viewBox="0 0 21 22"
              width="21"
              xmlns="http://www.w3.org/2000/svg"
            >
              <g
                fill="none"
                fillRule="evenodd"
                strokeLinecap="round"
                strokeLinejoin="round"
                strokeWidth="2"
                transform="matrix(-1 0 0 1 20 1)"
              >
                <path
                  d="M13 14l5.241 5.241"
                />
                <circle
                  cx="7.5"
                  cy="7.5"
                  r="7.5"
                />
              </g>
            </svg>
          </div>
          <input
            autoComplete="off"
            autoFocus={false}
            className=""
            disabled={false}
            name="location"
            onBlur={[Function]}
            onChange={[Function]}
            onFocus={[Function]}
            onKeyDown={[Function]}
            placeholder="TopbarSearchForm.placeholder"
            type="search"
            value=""
          />
        </div>
      </form>
      <a
        className=""
        href="/s?address=Sverige&bounds=66.92051817%2C27.09540066%2C55.02371294%2C6.64228397"
        onClick={[Function]}
        style={Object {}}
        title={null}
      >
        <span>
          SectionHero.browseButton
        </span>
      </a>
    </div>
  </div>
</div>
`;
